[1/2] Building CXX object CMakeFiles/atk_source_test.dir/native_source_test.cc.o
[2/2] Linking CXX executable atk_source_test
Running main() from ./googletest/src/gtest_main.cc
Note: Google Test filter = *ClearingName*:*ExplicitInitialNull*
[==========] Running 2 tests from 1 test suite.
[----------] Global test environment set-up.
[----------] 2 tests from NativeAtkSourceTest
[ RUN      ] NativeAtkSourceTest.ClearingNameDoesNotSuppressLaterReassignment
/proof/native_source_test.cc:140: Failure
Expected equality of these values:
  notify_names
    Which is: { "<null>" }
  std::vector<std::string>({"<null>", "Theme: light"})
    Which is: { "<null>", "Theme: light" }

[  FAILED  ] NativeAtkSourceTest.ClearingNameDoesNotSuppressLaterReassignment (0 ms)
[ RUN      ] NativeAtkSourceTest.ExplicitInitialNullStillPublishesLaterName
/proof/native_source_test.cc:148: Failure
Expected equality of these values:
  notify_names
    Which is: {}
  std::vector<std::string>({"Theme: light"})
    Which is: { "Theme: light" }

[  FAILED  ] NativeAtkSourceTest.ExplicitInitialNullStillPublishesLaterName (0 ms)
[----------] 2 tests from NativeAtkSourceTest (0 ms total)

[----------] Global test environment tear-down
[==========] 2 tests from 1 test suite ran. (0 ms total)
[  PASSED  ] 0 tests.
[  FAILED  ] 2 tests, listed below:
[  FAILED  ] NativeAtkSourceTest.ClearingNameDoesNotSuppressLaterReassignment
[  FAILED  ] NativeAtkSourceTest.ExplicitInitialNullStillPublishesLaterName

 2 FAILED TESTS
