test_cleanup_failure_rejects_capability_and_preserves_report (test_probe_real_at_linux.LinuxATSupervisorTests.test_cleanup_failure_rejects_capability_and_preserves_report) ... ok
test_exited_at_leader_does_not_hide_live_backend (test_probe_real_at_linux.LinuxATSupervisorTests.test_exited_at_leader_does_not_hide_live_backend) ... ok
test_live_orca_file_output_is_visible_before_process_exit (test_probe_real_at_linux.LinuxATSupervisorTests.test_live_orca_file_output_is_visible_before_process_exit) ... ok

----------------------------------------------------------------------
Ran 3 tests in 1.548s

OK
{
  "schema_version": 1,
  "platform": "linux",
  "scope": "native_fixture_capability",
  "status": "not_accepted",
  "application_acceptance": "not_accepted",
  "explanation": "A GTK fixture cannot accept the Flutter catalog or replace human review.",
  "runtime": {
    "platform": "macOS-15.7.9-arm64-arm-64bit",
    "python": "3.12.13 (main, Aug  7 2026, 02:15:23) [Clang 22.1.3 ]",
    "runner_image": null,
    "display": null
  },
  "layers": {
    "native_accessibility": {
      "status": "not_accepted",
      "reason": "Not observed"
    },
    "at_navigation": {
      "status": "not_accepted",
      "reason": "Not observed"
    },
    "utterance_output": {
      "status": "not_accepted",
      "reason": "Not observed"
    },
    "synthesized_audio": {
      "status": "not_accepted",
      "reason": "Not observed"
    },
    "human_review": {
      "status": "not_accepted",
      "reason": "No human listened or completed a Flutter task"
    }
  },
  "evidence": {},
  "errors": [
    "Owned process cleanup: backend survived"
  ],
  "elapsed_seconds": 0.011
}
{
  "schema_version": 1,
  "platform": "linux",
  "scope": "native_fixture_capability",
  "status": "not_accepted",
  "application_acceptance": "not_accepted",
  "explanation": "A GTK fixture cannot accept the Flutter catalog or replace human review.",
  "runtime": {
    "platform": "macOS-15.7.9-arm64-arm-64bit",
    "python": "3.12.13 (main, Aug  7 2026, 02:15:23) [Clang 22.1.3 ]",
    "runner_image": null,
    "display": null
  },
  "layers": {
    "native_accessibility": {
      "status": "not_accepted",
      "reason": "Not observed"
    },
    "at_navigation": {
      "status": "not_accepted",
      "reason": "Not observed"
    },
    "utterance_output": {
      "status": "not_accepted",
      "reason": "Not observed"
    },
    "synthesized_audio": {
      "status": "not_accepted",
      "reason": "Not observed"
    },
    "human_review": {
      "status": "not_accepted",
      "reason": "No human listened or completed a Flutter task"
    }
  },
  "evidence": {},
  "errors": [
    "Owned process cleanup: backend survived"
  ],
  "elapsed_seconds": 0.012
}
{
  "schema_version": 1,
  "platform": "linux",
  "scope": "native_fixture_capability",
  "status": "not_accepted",
  "application_acceptance": "not_accepted",
  "explanation": "A GTK fixture cannot accept the Flutter catalog or replace human review.",
  "runtime": {
    "platform": "macOS-15.7.9-arm64-arm-64bit",
    "python": "3.12.13 (main, Aug  7 2026, 02:15:23) [Clang 22.1.3 ]",
    "runner_image": null,
    "display": null
  },
  "layers": {
    "native_accessibility": {
      "status": "not_accepted",
      "reason": "Not observed"
    },
    "at_navigation": {
      "status": "not_accepted",
      "reason": "Not observed"
    },
    "utterance_output": {
      "status": "not_accepted",
      "reason": "Not observed"
    },
    "synthesized_audio": {
      "status": "not_accepted",
      "reason": "Not observed"
    },
    "human_review": {
      "status": "not_accepted",
      "reason": "No human listened or completed a Flutter task"
    }
  },
  "evidence": {},
  "errors": [],
  "elapsed_seconds": 1.233
}
{
  "schema_version": 1,
  "platform": "linux",
  "scope": "native_fixture_capability",
  "status": "not_accepted",
  "application_acceptance": "not_accepted",
  "explanation": "A GTK fixture cannot accept the Flutter catalog or replace human review.",
  "runtime": {
    "platform": "macOS-15.7.9-arm64-arm-64bit",
    "python": "3.12.13 (main, Aug  7 2026, 02:15:23) [Clang 22.1.3 ]",
    "runner_image": null,
    "display": null
  },
  "layers": {
    "native_accessibility": {
      "status": "not_accepted",
      "reason": "Not observed"
    },
    "at_navigation": {
      "status": "not_accepted",
      "reason": "Not observed"
    },
    "utterance_output": {
      "status": "not_accepted",
      "reason": "Not observed"
    },
    "synthesized_audio": {
      "status": "not_accepted",
      "reason": "Not observed"
    },
    "human_review": {
      "status": "not_accepted",
      "reason": "No human listened or completed a Flutter task"
    }
  },
  "evidence": {
    "orca_debug_transport": {
      "kind": "owned_raw_pty",
      "producer_debug_file": "/dev/stdout",
      "captured_log": "orca-debug.log",
      "content_policy": "Original diagnostic bytes; no injected utterances or handler records"
    }
  },
  "errors": [],
  "elapsed_seconds": 0.297
}
