package:skeletonizer has `uses-material-design: true` set but the primary pubspec contains `uses-material-design: false`. If the application needs material icons, then `uses-material-design`  must be set to true.
package:country_flags has `uses-material-design: true` set but the primary pubspec contains `uses-material-design: false`. If the application needs material icons, then `uses-material-design`  must be set to true.
00:00 +0: loading /Users/zzz/build/design/shadcn_flutter/packages/beautiful_ai_ui_catalog/test/profile_pointer_controller_test.dart
00:00 +0: timed drag cannot dispatch after pump 1 times out
══╡ EXCEPTION CAUGHT BY FLUTTER TEST FRAMEWORK ╞════════════════════════════════════════════════════
The following TestFailure was thrown while running async test code:
Expected: []
  Actual: [
            PointerAddedEvent:PointerAddedEvent#fa5dc(position: Offset(10.0, 20.0)),
            PointerDownEvent:PointerDownEvent#0512d(position: Offset(10.0, 20.0)),
            PointerMoveEvent:PointerMoveEvent#19e5b(position: Offset(10.0, 20.0)),
            PointerMoveEvent:PointerMoveEvent#bb1df(position: Offset(30.0, 20.0)),
            PointerMoveEvent:PointerMoveEvent#8dc4c(position: Offset(50.0, 20.0)),
            PointerMoveEvent:PointerMoveEvent#3e25e(position: Offset(70.0, 20.0)),
            PointerMoveEvent:PointerMoveEvent#79ee1(position: Offset(90.0, 20.0)),
            PointerMoveEvent:PointerMoveEvent#18beb(position: Offset(110.0, 20.0)),
            PointerMoveEvent:PointerMoveEvent#8b75c(position: Offset(130.0, 20.0)),
            PointerUpEvent:PointerUpEvent#759c3(position: Offset(130.0, 20.0))
          ]
   Which: at location [0] is [
            PointerAddedEvent:PointerAddedEvent#fa5dc(position: Offset(10.0, 20.0)),
            PointerDownEvent:PointerDownEvent#0512d(position: Offset(10.0, 20.0)),
            PointerMoveEvent:PointerMoveEvent#19e5b(position: Offset(10.0, 20.0)),
            PointerMoveEvent:PointerMoveEvent#bb1df(position: Offset(30.0, 20.0)),
            PointerMoveEvent:PointerMoveEvent#8dc4c(position: Offset(50.0, 20.0)),
            PointerMoveEvent:PointerMoveEvent#3e25e(position: Offset(70.0, 20.0)),
            PointerMoveEvent:PointerMoveEvent#79ee1(position: Offset(90.0, 20.0)),
            PointerMoveEvent:PointerMoveEvent#18beb(position: Offset(110.0, 20.0)),
            PointerMoveEvent:PointerMoveEvent#8b75c(position: Offset(130.0, 20.0)),
            PointerUpEvent:PointerUpEvent#759c3(position: Offset(130.0, 20.0))
          ] which longer than expected

When the exception was thrown, this was the stack:
#0      fail (package:matcher/src/expect/expect.dart:187:31)
#1      _expect (package:matcher/src/expect/expect.dart:182:3)
#2      expect (package:matcher/src/expect/expect.dart:65:3)
#3      expect (package:flutter_test/src/widget_tester.dart:473:18)
#4      main.<anonymous closure>.<anonymous closure> (file:///Users/zzz/build/design/shadcn_flutter/packages/beautiful_ai_ui_catalog/test/profile_pointer_controller_test.dart:86:11)
<asynchronous suspension>
<asynchronous suspension>
#6      main.<anonymous closure> (file:///Users/zzz/build/design/shadcn_flutter/packages/beautiful_ai_ui_catalog/test/profile_pointer_controller_test.dart:56:9)
<asynchronous suspension>
#7      testWidgets.<anonymous closure>.<anonymous closure> (package:flutter_test/src/widget_tester.dart:192:15)
<asynchronous suspension>
#8      TestWidgetsFlutterBinding._runTestBody (package:flutter_test/src/binding.dart:1953:5)
<asynchronous suspension>
<asynchronous suspension>
(elided 2 frames from dart:async and package:stack_trace)

The exception was caught asynchronously.
════════════════════════════════════════════════════════════════════════════════════════════════════
00:00 +0 -1: timed drag cannot dispatch after pump 1 times out [E]
  Test failed. See exception logs above.
  The test description was: timed drag cannot dispatch after pump 1 times out
  
00:00 +0 -1: timed drag cannot dispatch after pump 3 times out
══╡ EXCEPTION CAUGHT BY FLUTTER TEST FRAMEWORK ╞════════════════════════════════════════════════════
The following TestFailure was thrown while running async test code:
Expected: [
            PointerAddedEvent:PointerAddedEvent#5896e(position: Offset(10.0, 20.0)),
            PointerDownEvent:PointerDownEvent#7b235(position: Offset(10.0, 20.0)),
            PointerMoveEvent:PointerMoveEvent#c25db(position: Offset(10.0, 20.0))
          ]
  Actual: [
            PointerAddedEvent:PointerAddedEvent#5896e(position: Offset(10.0, 20.0)),
            PointerDownEvent:PointerDownEvent#7b235(position: Offset(10.0, 20.0)),
            PointerMoveEvent:PointerMoveEvent#c25db(position: Offset(10.0, 20.0)),
            PointerMoveEvent:PointerMoveEvent#382a2(position: Offset(30.0, 20.0)),
            PointerMoveEvent:PointerMoveEvent#c7445(position: Offset(50.0, 20.0)),
            PointerMoveEvent:PointerMoveEvent#93a0d(position: Offset(70.0, 20.0)),
            PointerMoveEvent:PointerMoveEvent#d6a32(position: Offset(90.0, 20.0)),
            PointerMoveEvent:PointerMoveEvent#aff9f(position: Offset(110.0, 20.0)),
            PointerMoveEvent:PointerMoveEvent#69b47(position: Offset(130.0, 20.0)),
            PointerUpEvent:PointerUpEvent#f3de8(position: Offset(130.0, 20.0))
          ]
   Which: at location [3] is [
            PointerAddedEvent:PointerAddedEvent#5896e(position: Offset(10.0, 20.0)),
            PointerDownEvent:PointerDownEvent#7b235(position: Offset(10.0, 20.0)),
            PointerMoveEvent:PointerMoveEvent#c25db(position: Offset(10.0, 20.0)),
            PointerMoveEvent:PointerMoveEvent#382a2(position: Offset(30.0, 20.0)),
            PointerMoveEvent:PointerMoveEvent#c7445(position: Offset(50.0, 20.0)),
            PointerMoveEvent:PointerMoveEvent#93a0d(position: Offset(70.0, 20.0)),
            PointerMoveEvent:PointerMoveEvent#d6a32(position: Offset(90.0, 20.0)),
            PointerMoveEvent:PointerMoveEvent#aff9f(position: Offset(110.0, 20.0)),
            PointerMoveEvent:PointerMoveEvent#69b47(position: Offset(130.0, 20.0)),
            PointerUpEvent:PointerUpEvent#f3de8(position: Offset(130.0, 20.0))
          ] which longer than expected

When the exception was thrown, this was the stack:
#0      fail (package:matcher/src/expect/expect.dart:187:31)
#1      _expect (package:matcher/src/expect/expect.dart:182:3)
#2      expect (package:matcher/src/expect/expect.dart:65:3)
#3      expect (package:flutter_test/src/widget_tester.dart:473:18)
#4      main.<anonymous closure>.<anonymous closure> (file:///Users/zzz/build/design/shadcn_flutter/packages/beautiful_ai_ui_catalog/test/profile_pointer_controller_test.dart:86:11)
<asynchronous suspension>
<asynchronous suspension>
#6      main.<anonymous closure> (file:///Users/zzz/build/design/shadcn_flutter/packages/beautiful_ai_ui_catalog/test/profile_pointer_controller_test.dart:56:9)
<asynchronous suspension>
#7      testWidgets.<anonymous closure>.<anonymous closure> (package:flutter_test/src/widget_tester.dart:192:15)
<asynchronous suspension>
#8      TestWidgetsFlutterBinding._runTestBody (package:flutter_test/src/binding.dart:1953:5)
<asynchronous suspension>
<asynchronous suspension>
(elided 2 frames from dart:async and package:stack_trace)

The exception was caught asynchronously.
════════════════════════════════════════════════════════════════════════════════════════════════════
00:00 +0 -2: timed drag cannot dispatch after pump 3 times out [E]
  Test failed. See exception logs above.
  The test description was: timed drag cannot dispatch after pump 3 times out
  
00:00 +0 -2: timed drag cannot dispatch after its delayed record times out
══╡ EXCEPTION CAUGHT BY FLUTTER TEST FRAMEWORK ╞════════════════════════════════════════════════════
The following TestFailure was thrown while running async test code:
Expected: empty
  Actual: [
            PointerAddedEvent:PointerAddedEvent#33ed6(position: Offset(0.0, 0.0)),
            PointerDownEvent:PointerDownEvent#84868(position: Offset(0.0, 0.0)),
            PointerMoveEvent:PointerMoveEvent#72f97(position: Offset(0.0, 0.0)),
            PointerMoveEvent:PointerMoveEvent#0d6cf(position: Offset(20.0, 0.0)),
            PointerMoveEvent:PointerMoveEvent#5c535(position: Offset(40.0, 0.0)),
            PointerMoveEvent:PointerMoveEvent#aa77a(position: Offset(60.0, 0.0)),
            PointerMoveEvent:PointerMoveEvent#31d1e(position: Offset(80.0, 0.0)),
            PointerMoveEvent:PointerMoveEvent#634ae(position: Offset(100.0, 0.0)),
            PointerMoveEvent:PointerMoveEvent#b213d(position: Offset(120.0, 0.0)),
            PointerUpEvent:PointerUpEvent#ea448(position: Offset(120.0, 0.0))
          ]

When the exception was thrown, this was the stack:
#0      fail (package:matcher/src/expect/expect.dart:187:31)
#1      _expect (package:matcher/src/expect/expect.dart:182:3)
#2      expect (package:matcher/src/expect/expect.dart:65:3)
#3      expect (package:flutter_test/src/widget_tester.dart:473:18)
#4      main.<anonymous closure>.<anonymous closure> (file:///Users/zzz/build/design/shadcn_flutter/packages/beautiful_ai_ui_catalog/test/profile_pointer_controller_test.dart:119:7)
<asynchronous suspension>
<asynchronous suspension>
#6      main.<anonymous closure> (file:///Users/zzz/build/design/shadcn_flutter/packages/beautiful_ai_ui_catalog/test/profile_pointer_controller_test.dart:98:5)
<asynchronous suspension>
#7      testWidgets.<anonymous closure>.<anonymous closure> (package:flutter_test/src/widget_tester.dart:192:15)
<asynchronous suspension>
#8      TestWidgetsFlutterBinding._runTestBody (package:flutter_test/src/binding.dart:1953:5)
<asynchronous suspension>
<asynchronous suspension>
(elided 2 frames from dart:async and package:stack_trace)

The exception was caught asynchronously.
════════════════════════════════════════════════════════════════════════════════════════════════════
00:00 +0 -3: timed drag cannot dispatch after its delayed record times out [E]
  Test failed. See exception logs above.
  The test description was: timed drag cannot dispatch after its delayed record times out
  
00:00 +0 -3: successful timed drag retains SDK 60Hz sequence and end position
00:00 +1 -3: Some tests failed.

Failing tests:
  /Users/zzz/build/design/shadcn_flutter/packages/beautiful_ai_ui_catalog/test/profile_pointer_controller_test.dart: timed drag cannot dispatch after its delayed record times out
  /Users/zzz/build/design/shadcn_flutter/packages/beautiful_ai_ui_catalog/test/profile_pointer_controller_test.dart: timed drag cannot dispatch after pump 1 times out
  /Users/zzz/build/design/shadcn_flutter/packages/beautiful_ai_ui_catalog/test/profile_pointer_controller_test.dart: timed drag cannot dispatch after pump 3 times out
